R version 3.6.1 (2019-07-05) -- "Action of the Toes"
Copyright (C) 2019 The R Foundation for Statistical Computing
Platform: x86_64-w64-mingw32/x64 (64-bit)

R is free software and comes with ABSOLUTELY NO WARRANTY.
You are welcome to redistribute it under certain conditions.
Type 'license()' or 'licence()' for distribution details.

  Natural language support but running in an English locale

R is a collaborative project with many contributors.
Type 'contributors()' for more information and
'citation()' on how to cite R or R packages in publications.

Type 'demo()' for some demos, 'help()' for on-line help, or
'help.start()' for an HTML browser interface to help.
Type 'q()' to quit R.

> install.packages("readr")
WARNING: Rtools is required to build R packages but is not currently installed. Please download and install the appropriate version of Rtools before proceeding:

https://cran.rstudio.com/bin/windows/Rtools/
Installing package into ‘C:/Users/megha/OneDrive/Documents/R/win-library/3.6’
(as ‘lib’ is unspecified)
trying URL 'https://cran.rstudio.com/bin/windows/contrib/3.6/readr_1.3.1.zip'
Content type 'application/zip' length 1589129 bytes (1.5 MB)
downloaded 1.5 MB

package ‘readr’ successfully unpacked and MD5 sums checked
Warning in install.packages :
  cannot remove prior installation of package ‘readr’
Warning in install.packages :
  problem copying C:\Users\megha\OneDrive\Documents\R\win-library\3.6\00LOCK\readr\libs\x64\librcon.lib to C:\Users\megha\OneDrive\Documents\R\win-library\3.6\readr\libs\x64\librcon.lib: Permission denied
Warning in install.packages :
  problem copying C:\Users\megha\OneDrive\Documents\R\win-library\3.6\00LOCK\readr\libs\x64\readr.dll to C:\Users\megha\OneDrive\Documents\R\win-library\3.6\readr\libs\x64\readr.dll: Permission denied
Warning in install.packages :
  restored ‘readr’

The downloaded binary packages are in
	C:\Users\megha\AppData\Local\Temp\Rtmp6vPH5e\downloaded_packages
> install.packages("openxlsx")
WARNING: Rtools is required to build R packages but is not currently installed. Please download and install the appropriate version of Rtools before proceeding:

https://cran.rstudio.com/bin/windows/Rtools/
Installing package into ‘C:/Users/megha/OneDrive/Documents/R/win-library/3.6’
(as ‘lib’ is unspecified)

  There is a binary version available but the source version is later:
         binary source needs_compilation
openxlsx  4.1.2  4.1.3              TRUE

  Binaries will be installed
trying URL 'https://cran.rstudio.com/bin/windows/contrib/3.6/openxlsx_4.1.2.zip'
Content type 'application/zip' length 2576639 bytes (2.5 MB)
downloaded 2.5 MB

package ‘openxlsx’ successfully unpacked and MD5 sums checked
Warning in install.packages :
  cannot remove prior installation of package ‘openxlsx’
Warning in install.packages :
  problem copying C:\Users\megha\OneDrive\Documents\R\win-library\3.6\00LOCK\openxlsx\libs\x64\openxlsx.dll to C:\Users\megha\OneDrive\Documents\R\win-library\3.6\openxlsx\libs\x64\openxlsx.dll: Permission denied
Warning in install.packages :
  restored ‘openxlsx’

The downloaded binary packages are in
	C:\Users\megha\AppData\Local\Temp\Rtmp6vPH5e\downloaded_packages
> library(readr)
> library(openxlsx)
> df<- read.csv("Amazon_Shopping_Site_classif1.csv", stringsAsFactors = FALSE)
Error in file(file, "rt") : cannot open the connection
In addition: Warning message:
In file(file, "rt") :
  cannot open file 'Amazon_Shopping_Site_classif1.csv': No such file or directory
> setwd("E:/Megha/R_workspace")
> df<- read.csv("Amazon_Shopping_Site_classif1.csv", stringsAsFactors = FALSE)
> head(df)
                                                                                                                                           text
1   I just listed: 'Hot Wheels 2019 Team Transport Car Culsture Series '66 Super Nova and Retro Rig Black Hole Limited… https://t.co/3yiAjL4bk1
2             5x7ft Light Grey Wood Wall Photography Backdrop Gray Wooden Floor Photo Backg... https://t.co/UgNF32NneM <U+6765><U+81EA> @amazon
3  RT @meskue: If you get the @amazon gift guide, keep an eye out for some raucous raccoons!  #TrashPandas  @EskueLisa @Gamewright @RedRookGam…
4       RT @goldmedalmind: The Young Champion's Mind: How to Think, Train, and Thrive Like an Elite Athl... https://t.co/NC1764WWxL via @amazon
5 RT @judehaste_write: #humorous #escapism @judehaste_write \nDon't Shout it Out!: A Comical, Romantic Romp that leads all the way to Downi...…
6             7x5 ft Red Christmas Photography Backdrops Customized Snowflake Photo Studio ... https://t.co/O7u2omifEh <U+6765><U+81EA> @amazon
  polarity
1 positive
2  Neutral
3  Neutral
4 positive
5 positive
6  Neutral
> set.seed(1)
> df <- df[sample(nrow(df)), ]
> df <- df[sample(nrow(df)), ]
> head(df)
                                                                                                                                                                                                                                                                                                                                                                                      text
18                                                                                                                                                                                                                                            And then there was the 2017 plan to give Reservation 13 to @Amazon. @DMPEDDC told @nickburgerdc that it didn’t have… https://t.co/jyOoRO0odk
1546                                                                                                                                                                                                                                                                                               @amazon please ship whole carton of burnol to Daniel aka ga@ndu https://t.co/pCZJv39J2V
959                                                                                                                                                                                                                                            RT @SolarPrepper: An Old Man And His Axe: A Prepper fiction book of survival in an EMP grid down https://t.co/D9irbfzWg4 via @amazon #SHTF…
701                                                                                                                                                                                                      RT @AmazonEnLucha: <U+203C><U+FE0F>@Amazon desafía la decisión de la corte de Carolina del Sur de que debe hasta 12.5M $ en impuestos por las ventas\n\n<U+0001F1FA><U+0001F1F8>…
711  <U+3010><U+3068><U+3042><U+308B>if<U+3011><U+96D1><U+8AC7><U+FF1F><U+26A0><U+30AF><U+30E9><U+30ED><U+30EF><U+3067><U+306F><U+3042><U+308A><U+307E><U+305B><U+3093><U+3002><U+4F5C><U+696D>@Amazon<U+30DE><U+30C3><U+30C8><U+8A66><U+3057><U+4E2D>  ##<U+3068><U+3042><U+308B>IF  #<U+30DF><U+30E9><U+30C6><U+30A3><U+30D6> <U+3067><U+914D><U+4FE1><U+4E2D>!  https://t.co/2IFjucXzry
1882                                                                                                                                                                                                                                                     Spezielle chinesische Nahrung Lotuswurzelstärke 1 Pfund (454 Gramm) süßer Ges... https://t.co/QhdpEjhAXl <U+6765><U+81EA> @amazon
     polarity
18    Neutral
1546  Neutral
959   Neutral
701   Neutral
711   Neutral
1882  Neutral
> str(df)
'data.frame':	2045 obs. of  2 variables:
 $ text    : chr  "And then there was the 2017 plan to give Reservation 13 to @Amazon. @DMPEDDC told @nickburgerdc that it didn’t "| __truncated__ "@amazon please ship whole carton of burnol to Daniel aka ga@ndu https://t.co/pCZJv39J2V" "RT @SolarPrepper: An Old Man And His Axe: A Prepper fiction book of survival in an EMP grid down https://t.co/D"| __truncated__ "RT @AmazonEnLucha: <U+203C><U+FE0F>@Amazon desafía la decisión de la corte de Carolina del Sur de que debe hast"| __truncated__ ...
 $ polarity: chr  "Neutral" "Neutral" "Neutral" "Neutral" ...
> df$class <- as.factor(df$class)      
Error in `$<-.data.frame`(`*tmp*`, class, value = integer(0)) : 
  replacement has 0 rows, data has 2045
> df$class <- as.factor(df$class)      
Error in `$<-.data.frame`(`*tmp*`, class, value = integer(0)) : 
  replacement has 0 rows, data has 2045
> df$class <- as.factor(df$class)      
Error in `$<-.data.frame`(`*tmp*`, class, value = integer(0)) : 
  replacement has 0 rows, data has 2045
> df<- read.csv("Amazon_Shopping_Site_classif1.csv", stringsAsFactors = FALSE)
> head(df)
                                                                                                                                           text
1   I just listed: 'Hot Wheels 2019 Team Transport Car Culsture Series '66 Super Nova and Retro Rig Black Hole Limited… https://t.co/3yiAjL4bk1
2             5x7ft Light Grey Wood Wall Photography Backdrop Gray Wooden Floor Photo Backg... https://t.co/UgNF32NneM <U+6765><U+81EA> @amazon
3  RT @meskue: If you get the @amazon gift guide, keep an eye out for some raucous raccoons!  #TrashPandas  @EskueLisa @Gamewright @RedRookGam…
4       RT @goldmedalmind: The Young Champion's Mind: How to Think, Train, and Thrive Like an Elite Athl... https://t.co/NC1764WWxL via @amazon
5 RT @judehaste_write: #humorous #escapism @judehaste_write \nDon't Shout it Out!: A Comical, Romantic Romp that leads all the way to Downi...…
6             7x5 ft Red Christmas Photography Backdrops Customized Snowflake Photo Studio ... https://t.co/O7u2omifEh <U+6765><U+81EA> @amazon
     class
1 positive
2  Neutral
3  Neutral
4 positive
5 positive
6  Neutral
> set.seed(1)
> df <- df[sample(nrow(df)), ]
> df <- df[sample(nrow(df)), ]
> head(df)
                                                                                                                                                                                                                                                                                                                                                                                      text
18                                                                                                                                                                                                                                            And then there was the 2017 plan to give Reservation 13 to @Amazon. @DMPEDDC told @nickburgerdc that it didn’t have… https://t.co/jyOoRO0odk
1546                                                                                                                                                                                                                                                                                               @amazon please ship whole carton of burnol to Daniel aka ga@ndu https://t.co/pCZJv39J2V
959                                                                                                                                                                                                                                            RT @SolarPrepper: An Old Man And His Axe: A Prepper fiction book of survival in an EMP grid down https://t.co/D9irbfzWg4 via @amazon #SHTF…
701                                                                                                                                                                                                      RT @AmazonEnLucha: <U+203C><U+FE0F>@Amazon desafía la decisión de la corte de Carolina del Sur de que debe hasta 12.5M $ en impuestos por las ventas\n\n<U+0001F1FA><U+0001F1F8>…
711  <U+3010><U+3068><U+3042><U+308B>if<U+3011><U+96D1><U+8AC7><U+FF1F><U+26A0><U+30AF><U+30E9><U+30ED><U+30EF><U+3067><U+306F><U+3042><U+308A><U+307E><U+305B><U+3093><U+3002><U+4F5C><U+696D>@Amazon<U+30DE><U+30C3><U+30C8><U+8A66><U+3057><U+4E2D>  ##<U+3068><U+3042><U+308B>IF  #<U+30DF><U+30E9><U+30C6><U+30A3><U+30D6> <U+3067><U+914D><U+4FE1><U+4E2D>!  https://t.co/2IFjucXzry
1882                                                                                                                                                                                                                                                     Spezielle chinesische Nahrung Lotuswurzelstärke 1 Pfund (454 Gramm) süßer Ges... https://t.co/QhdpEjhAXl <U+6765><U+81EA> @amazon
       class
18   Neutral
1546 Neutral
959  Neutral
701  Neutral
711  Neutral
1882 Neutral
> str(df)
'data.frame':	2045 obs. of  2 variables:
 $ text : chr  "And then there was the 2017 plan to give Reservation 13 to @Amazon. @DMPEDDC told @nickburgerdc that it didn’t "| __truncated__ "@amazon please ship whole carton of burnol to Daniel aka ga@ndu https://t.co/pCZJv39J2V" "RT @SolarPrepper: An Old Man And His Axe: A Prepper fiction book of survival in an EMP grid down https://t.co/D"| __truncated__ "RT @AmazonEnLucha: <U+203C><U+FE0F>@Amazon desafía la decisión de la corte de Carolina del Sur de que debe hast"| __truncated__ ...
 $ class: chr  "Neutral" "Neutral" "Neutral" "Neutral" ...
> df$class <- as.factor(df$class)      
> corpus <- VCorpus(VectorSource(df$text))      
Error in VCorpus(VectorSource(df$text)) : 
  could not find function "VCorpus"
> install.packages(tm)
Error in install.packages : object 'tm' not found
> install.packages("tm")
WARNING: Rtools is required to build R packages but is not currently installed. Please download and install the appropriate version of Rtools before proceeding:

https://cran.rstudio.com/bin/windows/Rtools/
Installing package into ‘C:/Users/megha/OneDrive/Documents/R/win-library/3.6’
(as ‘lib’ is unspecified)
trying URL 'https://cran.rstudio.com/bin/windows/contrib/3.6/tm_0.7-6.zip'
Content type 'application/zip' length 1370651 bytes (1.3 MB)
downloaded 1.3 MB

package ‘tm’ successfully unpacked and MD5 sums checked
Warning in install.packages :
  cannot remove prior installation of package ‘tm’
Warning in install.packages :
  problem copying C:\Users\megha\OneDrive\Documents\R\win-library\3.6\00LOCK\tm\libs\x64\tm.dll to C:\Users\megha\OneDrive\Documents\R\win-library\3.6\tm\libs\x64\tm.dll: Permission denied
Warning in install.packages :
  restored ‘tm’

The downloaded binary packages are in
	C:\Users\megha\AppData\Local\Temp\Rtmp6vPH5e\downloaded_packages
> library(tm)
Loading required package: NLP
> corpus <- VCorpus(VectorSource(df$text))      
> corpus
<<VCorpus>>
Metadata:  corpus specific: 0, document level (indexed): 0
Content:  documents: 2045
> inspect(corpus[1:3])
<<VCorpus>>
Metadata:  corpus specific: 0, document level (indexed): 0
Content:  documents: 3

[[1]]
<<PlainTextDocument>>
Metadata:  7
Content:  chars: 140

[[2]]
<<PlainTextDocument>>
Metadata:  7
Content:  chars: 87

[[3]]
<<PlainTextDocument>>
Metadata:  7
Content:  chars: 139

> corpus.clean <- corpus %>% tm_map(content_transformer(tolower)) %>%tm_map(removePunctuation) %>% tm_map(removeNumbers) %>%tm_map(removeWords, stopwords(kind="en")) %>% tm_map(stripWhitespace)
Error in corpus %>% tm_map(content_transformer(tolower)) %>% tm_map(removePunctuation) %>%  : 
  could not find function "%>%"
> corpus.clean <- corpus%>%tm_map(content_transformer(tolower))%>%tm_map(removePunctuation)%>%tm_map(removeNumbers)%>%tm_map(removeWords, stopwords(kind="en"))%>%tm_map(stripWhitespace)
Error in corpus %>% tm_map(content_transformer(tolower)) %>% tm_map(removePunctuation) %>%  : 
  could not find function "%>%"
> corpus.clean <-corpus%>%tm_map(content_transformer(tolower))%>%tm_map(removePunctuation)%>%tm_map(removeNumbers)%>%tm_map(removeWords, stopwords(kind="en"))%>%tm_map(stripWhitespace)
Error in corpus %>% tm_map(content_transformer(tolower)) %>% tm_map(removePunctuation) %>%  : 
  could not find function "%>%"
> corpus.clean <- corpus %>% tm_map(content_transformer(tolower)) %>%tm_map(removePunctuation) %>% tm_map(removeNumbers) %>%tm_map(removeWords,stopwords(kind="en")) %>% tm_map(stripWhitespace)
Error in corpus %>% tm_map(content_transformer(tolower)) %>% tm_map(removePunctuation) %>%  : 
  could not find function "%>%"
> install.packages("plyr)
+ 
+ install.packages("plyr")
Error: unexpected symbol in:
"
install.packages("plyr"
> 
> install.packages("plyr")
WARNING: Rtools is required to build R packages but is not currently installed. Please download and install the appropriate version of Rtools before proceeding:

https://cran.rstudio.com/bin/windows/Rtools/
Installing package into ‘C:/Users/megha/OneDrive/Documents/R/win-library/3.6’
(as ‘lib’ is unspecified)
trying URL 'https://cran.rstudio.com/bin/windows/contrib/3.6/plyr_1.8.4.zip'
Content type 'application/zip' length 1301619 bytes (1.2 MB)
downloaded 1.2 MB

package ‘plyr’ successfully unpacked and MD5 sums checked
Warning in install.packages :
  cannot remove prior installation of package ‘plyr’
Warning in install.packages :
  problem copying C:\Users\megha\OneDrive\Documents\R\win-library\3.6\00LOCK\plyr\libs\x64\plyr.dll to C:\Users\megha\OneDrive\Documents\R\win-library\3.6\plyr\libs\x64\plyr.dll: Permission denied
Warning in install.packages :
  restored ‘plyr’

The downloaded binary packages are in
	C:\Users\megha\AppData\Local\Temp\Rtmp6vPH5e\downloaded_packages
> 
> library(plyr)
> install.packages("ggplot2")
WARNING: Rtools is required to build R packages but is not currently installed. Please download and install the appropriate version of Rtools before proceeding:

https://cran.rstudio.com/bin/windows/Rtools/
Installing package into ‘C:/Users/megha/OneDrive/Documents/R/win-library/3.6’
(as ‘lib’ is unspecified)
trying URL 'https://cran.rstudio.com/bin/windows/contrib/3.6/ggplot2_3.2.1.zip'
Content type 'application/zip' length 3974819 bytes (3.8 MB)
downloaded 3.8 MB

package ‘ggplot2’ successfully unpacked and MD5 sums checked

The downloaded binary packages are in
	C:\Users\megha\AppData\Local\Temp\Rtmp6vPH5e\downloaded_packages
> library(ggplot2)

Attaching package: ‘ggplot2’

The following object is masked from ‘package:NLP’:

    annotate

> corpus.clean <-corpus%>%tm_map(content_transformer(tolower)) %>% tm_map(removePunctuation)%>%tm_map(removeNumbers)%>%tm_map(removeWords, stopwords(kind="en"))%>%tm_map(stripWhitespace)
Error in corpus %>% tm_map(content_transformer(tolower)) %>% tm_map(removePunctuation) %>%  : 
  could not find function "%>%"
> install.packages("dplyr")
Error in install.packages : Updating loaded packages
> library(dplyr)

Attaching package: ‘dplyr’

The following objects are masked from ‘package:plyr’:

    arrange, count, desc, failwith, id, mutate, rename, summarise, summarize

The following objects are masked from ‘package:stats’:

    filter, lag

The following objects are masked from ‘package:base’:

    intersect, setdiff, setequal, union

> 
> install.packages("caret")
WARNING: Rtools is required to build R packages but is not currently installed. Please download and install the appropriate version of Rtools before proceeding:

https://cran.rstudio.com/bin/windows/Rtools/
Installing package into ‘C:/Users/megha/OneDrive/Documents/R/win-library/3.6’
(as ‘lib’ is unspecified)
trying URL 'https://cran.rstudio.com/bin/windows/contrib/3.6/caret_6.0-84.zip'
Content type 'application/zip' length 6237755 bytes (5.9 MB)

Restarting R session...

> install.packages("dplyr")
WARNING: Rtools is required to build R packages but is not currently installed. Please download and install the appropriate version of Rtools before proceeding:

https://cran.rstudio.com/bin/windows/Rtools/
Installing package into ‘C:/Users/megha/OneDrive/Documents/R/win-library/3.6’
(as ‘lib’ is unspecified)
trying URL 'https://cran.rstudio.com/bin/windows/contrib/3.6/dplyr_0.8.3.zip'
Content type 'application/zip' length 3265624 bytes (3.1 MB)
downloaded 3.1 MB

package ‘dplyr’ successfully unpacked and MD5 sums checked
Warning in install.packages :
  cannot remove prior installation of package ‘dplyr’
Warning in install.packages :
  problem copying C:\Users\megha\OneDrive\Documents\R\win-library\3.6\00LOCK\dplyr\libs\x64\dplyr.dll to C:\Users\megha\OneDrive\Documents\R\win-library\3.6\dplyr\libs\x64\dplyr.dll: Permission denied
Warning in install.packages :
  restored ‘dplyr’

The downloaded binary packages are in
	C:\Users\megha\AppData\Local\Temp\Rtmpee7OZN\downloaded_packages
> library(dplyr)

Attaching package: ‘dplyr’

The following objects are masked from ‘package:stats’:

    filter, lag

The following objects are masked from ‘package:base’:

    intersect, setdiff, setequal, union

> library(caret)
Loading required package: lattice
Loading required package: ggplot2
> corpus.clean <-corpus%>%tm_map(content_transformer(tolower)) %>% tm_map(removePunctuation)%>%tm_map(removeNumbers)%>%tm_map(removeWords, stopwords(kind="en"))%>%tm_map(stripWhitespace)
Error in tm_map(., content_transformer(tolower)) : 
  could not find function "tm_map"
> library(tm)
Loading required package: NLP

Attaching package: ‘NLP’

The following object is masked from ‘package:ggplot2’:

    annotate

> corpus.clean <-corpus%>%tm_map(content_transformer(tolower)) %>% tm_map(removePunctuation)%>%tm_map(removeNumbers)%>%tm_map(removeWords, stopwords(kind="en"))%>%tm_map(stripWhitespace)
> dtm <- DocumentTermMatrix(corpus.clean)
> inspect(dtm[40:50, 10:15])
<<DocumentTermMatrix (documents: 11, terms: 6)>>
Non-/sparse entries: 0/66
Sparsity           : 100%
Maximal term length: 6
Weighting          : term frequency (tf)
Sample             :
    Terms
Docs “work” «mon aaaaa aaj aajtak aaya
  40      0    0     0   0      0    0
  41      0    0     0   0      0    0
  42      0    0     0   0      0    0
  43      0    0     0   0      0    0
  44      0    0     0   0      0    0
  45      0    0     0   0      0    0
  46      0    0     0   0      0    0
  47      0    0     0   0      0    0
  48      0    0     0   0      0    0
  49      0    0     0   0      0    0
  50      0    0     0   0      0    0
> inspect(dtm[30:40, 10:15])
<<DocumentTermMatrix (documents: 11, terms: 6)>>
Non-/sparse entries: 0/66
Sparsity           : 100%
Maximal term length: 6
Weighting          : term frequency (tf)
Sample             :
    Terms
Docs “work” «mon aaaaa aaj aajtak aaya
  30      0    0     0   0      0    0
  31      0    0     0   0      0    0
  32      0    0     0   0      0    0
  33      0    0     0   0      0    0
  34      0    0     0   0      0    0
  35      0    0     0   0      0    0
  36      0    0     0   0      0    0
  37      0    0     0   0      0    0
  38      0    0     0   0      0    0
  39      0    0     0   0      0    0
  40      0    0     0   0      0    0
> inspect(dtm[40:50, 10:15])
<<DocumentTermMatrix (documents: 11, terms: 6)>>
Non-/sparse entries: 0/66
Sparsity           : 100%
Maximal term length: 6
Weighting          : term frequency (tf)
Sample             :
    Terms
Docs “work” «mon aaaaa aaj aajtak aaya
  40      0    0     0   0      0    0
  41      0    0     0   0      0    0
  42      0    0     0   0      0    0
  43      0    0     0   0      0    0
  44      0    0     0   0      0    0
  45      0    0     0   0      0    0
  46      0    0     0   0      0    0
  47      0    0     0   0      0    0
  48      0    0     0   0      0    0
  49      0    0     0   0      0    0
  50      0    0     0   0      0    0
> df.train <- df[1:700,]
> df.test <- df[701:1000,]
> dtm.train <- dtm[1:700,]
> dtm.test <- dtm[701:1000,]
> corpus.clean.train <- corpus.clean[1:700]
> corpus.clean.test <- corpus.clean[701:1000]
> dim(dtm.train)
[1]  700 4530
> fivefreq <- findFreqTerms(dtm.train, 5)   
> length((fivefreq))
[1] 296
> dtm.train.nb <- DocumentTermMatrix(corpus.clean.train, control=list(dictionary = fivefreq))
> dim(dtm.train.nb)
[1] 700 296
> dtm.test.nb <- DocumentTermMatrix(corpus.clean.test, control=list(dictionary = fivefreq))
> dim(dtm.train.nb)
[1] 700 296
> convert_count <- function(x) {
+   y <- ifelse(x > 0, 1,0)
+   y <- factor(y, levels=c(0,1), labels=c("No", "Yes"))
+   y
+ }
> trainNB <- apply(dtm.train.nb, 2, convert_count)
> testNB <- apply(dtm.test.nb, 2, convert_count)  
> system.time( classifier <- naiveBayes(trainNB, df.train$class,laplace = 1) )
Error in naiveBayes(trainNB, df.train$class, laplace = 1) : 
  could not find function "naiveBayes"
Timing stopped at: 0.04 0 0.03
> install.packages("naivebayes")
WARNING: Rtools is required to build R packages but is not currently installed. Please download and install the appropriate version of Rtools before proceeding:

https://cran.rstudio.com/bin/windows/Rtools/
Installing package into ‘C:/Users/megha/OneDrive/Documents/R/win-library/3.6’
(as ‘lib’ is unspecified)
trying URL 'https://cran.rstudio.com/bin/windows/contrib/3.6/naivebayes_0.9.6.zip'
Content type 'application/zip' length 887821 bytes (867 KB)
downloaded 867 KB

package ‘naivebayes’ successfully unpacked and MD5 sums checked

The downloaded binary packages are in
	C:\Users\megha\AppData\Local\Temp\Rtmpee7OZN\downloaded_packages
> library(naivebayes)
naivebayes 0.9.6 loaded
> system.time( classifier <- naiveBayes(trainNB, df.train$class,laplace = 1) )
Error in naiveBayes(trainNB, df.train$class, laplace = 1) : 
  could not find function "naiveBayes"
Timing stopped at: 0 0 0
> system.time( classifier <- naivebayes(trainNB, df.train$class,laplace = 1) )
Error in naivebayes(trainNB, df.train$class, laplace = 1) : 
  could not find function "naivebayes"
Timing stopped at: 0 0 0
> system.time( classifier <- naive_bayes(trainNB, df.train$class,laplace = 1) )
   user  system elapsed 
   0.04    0.00    0.05 
> system.time( pred <- predict(classifier, newdata=testNB) )
Error: predict.naive_bayes(): 

64 Features are discrete, and compared to the corresponding probability tables some of them miss levels or have more levels.

Other possibility: there is type mismatch between training data and newdata (for instance, some variable should be numeric but is character/factor).

Timing stopped at: 0.03 0 0.03
> View(trainNB)